MariaDB [(none)]> show databases;
+--------------------+
| Database           |
+--------------------+
| db_c0719320_test1  |
| db_dhruvi          |
| examc0713440       |
| information_schema |
| mysql              |
| mytestdb           |
| performance_schema |
| phpmyadmin         |
| test               |
+--------------------+
9 rows in set (0.00 sec)

MariaDB [(none)]> use examc0713440
Database changed
MariaDB [examc0713440]> use examc0713440;
Database changed
MariaDB [examc0713440]> show tables;
+------------------------+
| Tables_in_examc0713440 |
+------------------------+
| client                 |
| employee               |
| has_clearance          |
| package                |
| planet                 |
| shipment               |
+------------------------+
6 rows in set (0.00 sec)

MariaDB [examc0713440]> select * from shipment;
+------------+--------------+---------+--------+
| ShipmentID | ShipmentDate | Manager | Planet |
+------------+--------------+---------+--------+
|          1 | 3004-05-11   |       1 |      1 |
|          2 | 3004-05-11   |       1 |      2 |
|          3 | NULL         |       2 |      3 |
|          4 | NULL         |       2 |      4 |
|          5 | NULL         |       7 |      5 |
+------------+--------------+---------+--------+
5 rows in set (0.00 sec)

MariaDB [examc0713440]> select * from planet;
+----------+------------------+------------------+
| PlanetID | Name             | Coordinates      |
+----------+------------------+------------------+
|        1 | Omicron Persei 8 |    89475345.3545 |
|        2 | Decapod X        | 65498463216.3466 |
|        3 | Mars             |   32435021.65468 |
|        4 | Omega III        |    98432121.5464 |
|        5 | Tarantulon VI    | 849842198.354654 |
|        6 | Cannibalon       |  654321987.21654 |
|        7 | DogDoo VII       |  65498721354.688 |
|        8 | Nintenduu 64     |  6543219894.1654 |
|        9 | Amazonia         | 65432135979.6547 |
+----------+------------------+------------------+
9 rows in set (0.00 sec)

MariaDB [examc0713440]> select * from package;
+----------+---------------+-------------------+--------+--------+-----------+
| Shipment | PackageNumber | Contents          | Weight | Sender | Recipient |
+----------+---------------+-------------------+--------+--------+-----------+
|        1 |             1 | Undeclared        |   1.50 |      1 |         2 |
|        2 |             1 | Undeclared        |  10.00 |      2 |         3 |
|        2 |             2 | A bucket of krill |   2.00 |      8 |         7 |
|        3 |             1 | Undeclared        |  15.00 |      3 |         4 |
|        3 |             2 | Undeclared        |   3.00 |      5 |         1 |
|        3 |             3 | Undeclared        |   7.00 |      2 |         3 |
|        4 |             1 | Undeclared        |   5.00 |      4 |         5 |
|        4 |             2 | Undeclared        |  27.00 |      1 |         2 |
|        5 |             1 | Undeclared        | 100.00 |      5 |         1 |
+----------+---------------+-------------------+--------+--------+-----------+
9 rows in set (0.00 sec)

MariaDB [examc0713440]> select * from has_clearance;
+----------+--------+-------+
| Employee | Planet | Level |
+----------+--------+-------+
|        1 |      1 |     2 |
|        1 |      2 |     3 |
|        2 |      3 |     2 |
|        2 |      4 |     4 |
|        3 |      5 |     2 |
|        3 |      6 |     4 |
|        4 |      7 |     1 |
+----------+--------+-------+
7 rows in set (0.00 sec)

MariaDB [examc0713440]> select * from employee;
+------------+--------------------------+--------------+--------+-------------------------------------------------------------------------+
| employeeId | name                     | position     | salary | remarks                                                                 |
+------------+--------------------------+--------------+--------+-------------------------------------------------------------------------+
|          1 | Phillip J. Fry           | Delivery boy |   7500 | Not to be confused with the Philip J. Fry from Hovering Squid World 97a |
|          2 | Turanga Leela            | Captain      |  10000 | NULL                                                                    |
|          3 | Bender Bending Rodriguez | Robot        |   7500 | NULL                                                                    |
|          4 | Hubert J. Farnsworth     | CEO          |  20000 | NULL                                                                    |
|          5 | John A. Zoidberg         | Physician    |     25 | NULL                                                                    |
|          6 | Amy Wong                 | Intern       |   5000 | NULL                                                                    |
|          7 | Hermes Conrad            | Bureaucrat   |  10000 | NULL                                                                    |
|          8 | Scruffy Scruffington     | Janitor      |   5000 | NULL                                                                    |
+------------+--------------------------+--------------+--------+-------------------------------------------------------------------------+
8 rows in set (0.00 sec)

MariaDB [examc0713440]> select * from client;
+---------------+-------------------+
| AccountNumber | Name              |
+---------------+-------------------+
|             1 | Zapp Brannigan    |
|             2 | Al Gore's Head    |
|             3 | Barbados Slim     |
|             4 | Ogden Wernstrom   |
|             5 | Leo Wong          |
|             6 | Lrrr              |
|             7 | John Zoidberg     |
|             8 | John Zoidfarb     |
|             9 | Morbo             |
|            10 | Judge John Whitey |
|            11 | Calculon          |
+---------------+-------------------+
11 rows in set (0.00 sec)

MariaDB [examc0713440]> select * from employee as e INNER JOIN shipment as s ON  s.manager=e.employeeid add e.employeeid='turanga leela';
ERROR 1064 (42000): You have an error in your SQL syntax; check the manual that corresponds to your MariaDB server version for the right syntax to use near 'add e.employeeid='turanga leela'' at line 1
MariaDB [examc0713440]> select * from employee as e INNER JOIN shipment as s ON  s.manager=e.employeeid and e.employeeid='turanga leela';
Empty set (0.00 sec)

MariaDB [examc0713440]> select * from employee as e INNER JOIN shipment as s ON  s.manager=e.employeeid and e.name='turanga leela';
+------------+---------------+----------+--------+---------+------------+--------------+---------+--------+
| employeeId | name          | position | salary | remarks | ShipmentID | ShipmentDate | Manager | Planet |
+------------+---------------+----------+--------+---------+------------+--------------+---------+--------+
|          2 | Turanga Leela | Captain  |  10000 | NULL    |          3 | NULL         |       2 |      3 |
|          2 | Turanga Leela | Captain  |  10000 | NULL    |          4 | NULL         |       2 |      4 |
+------------+---------------+----------+--------+---------+------------+--------------+---------+--------+
2 rows in set (0.00 sec)

MariaDB [examc0713440]> select * from package as p INNER JOIN client as c ON c.accountnumber=p.recepient AND p.Recepient in(1,5,6);
ERROR 1054 (42S22): Unknown column 'p.recepient' in 'on clause'
MariaDB [examc0713440]> select * from package as p INNER JOIN client as c ON c.accountnumber=p.recepient AND p.Recepient in (1,5,6);
ERROR 1054 (42S22): Unknown column 'p.recepient' in 'on clause'
MariaDB [examc0713440]> select * from package as p INNER JOIN client as c ON c.accountnumber=p.recepient AND p.Recepient in (1,5,6);
ERROR 1054 (42S22): Unknown column 'p.recepient' in 'on clause'
MariaDB [examc0713440]> select * from package as p INNER JOIN client as c ON c.accountnumber=p.recipient AND p.Recipient in (1,5,6);
+----------+---------------+------------+--------+--------+-----------+---------------+----------------+
| Shipment | PackageNumber | Contents   | Weight | Sender | Recipient | AccountNumber | Name           |
+----------+---------------+------------+--------+--------+-----------+---------------+----------------+
|        3 |             2 | Undeclared |   3.00 |      5 |         1 |             1 | Zapp Brannigan |
|        4 |             1 | Undeclared |   5.00 |      4 |         5 |             5 | Leo Wong       |
|        5 |             1 | Undeclared | 100.00 |      5 |         1 |             1 | Zapp Brannigan |
+----------+---------------+------------+--------+--------+-----------+---------------+----------------+
3 rows in set (0.01 sec)

MariaDB [examc0713440]> select * from employee;
+------------+--------------------------+--------------+--------+-------------------------------------------------------------------------+
| employeeId | name                     | position     | salary | remarks                                                                 |
+------------+--------------------------+--------------+--------+-------------------------------------------------------------------------+
|          1 | Phillip J. Fry           | Delivery boy |   7500 | Not to be confused with the Philip J. Fry from Hovering Squid World 97a |
|          2 | Turanga Leela            | Captain      |  10000 | NULL                                                                    |
|          3 | Bender Bending Rodriguez | Robot        |   7500 | NULL                                                                    |
|          4 | Hubert J. Farnsworth     | CEO          |  20000 | NULL                                                                    |
|          5 | John A. Zoidberg         | Physician    |     25 | NULL                                                                    |
|          6 | Amy Wong                 | Intern       |   5000 | NULL                                                                    |
|          7 | Hermes Conrad            | Bureaucrat   |  10000 | NULL                                                                    |
|          8 | Scruffy Scruffington     | Janitor      |   5000 | NULL                                                                    |
+------------+--------------------------+--------------+--------+-------------------------------------------------------------------------+
8 rows in set (0.00 sec)

MariaDB [examc0713440]> select * from planet;
+----------+------------------+------------------+
| PlanetID | Name             | Coordinates      |
+----------+------------------+------------------+
|        1 | Omicron Persei 8 |    89475345.3545 |
|        2 | Decapod X        | 65498463216.3466 |
|        3 | Mars             |   32435021.65468 |
|        4 | Omega III        |    98432121.5464 |
|        5 | Tarantulon VI    | 849842198.354654 |
|        6 | Cannibalon       |  654321987.21654 |
|        7 | DogDoo VII       |  65498721354.688 |
|        8 | Nintenduu 64     |  6543219894.1654 |
|        9 | Amazonia         | 65432135979.6547 |
+----------+------------------+------------------+
9 rows in set (0.00 sec)

MariaDB [examc0713440]> select * from has_clearance;
+----------+--------+-------+
| Employee | Planet | Level |
+----------+--------+-------+
|        1 |      1 |     2 |
|        1 |      2 |     3 |
|        2 |      3 |     2 |
|        2 |      4 |     4 |
|        3 |      5 |     2 |
|        3 |      6 |     4 |
|        4 |      7 |     1 |
+----------+--------+-------+
7 rows in set (0.00 sec)

MariaDB [examc0713440]> select distinct * from employee as e inner join has_clearance as h on h.employee=e.employeeid; 
+------------+--------------------------+--------------+--------+-------------------------------------------------------------------------+----------+--------+-------+
| employeeId | name                     | position     | salary | remarks                                                                 | Employee | Planet | Level |
+------------+--------------------------+--------------+--------+-------------------------------------------------------------------------+----------+--------+-------+
|          1 | Phillip J. Fry           | Delivery boy |   7500 | Not to be confused with the Philip J. Fry from Hovering Squid World 97a |        1 |      1 |     2 |
|          1 | Phillip J. Fry           | Delivery boy |   7500 | Not to be confused with the Philip J. Fry from Hovering Squid World 97a |        1 |      2 |     3 |
|          2 | Turanga Leela            | Captain      |  10000 | NULL                                                                    |        2 |      3 |     2 |
|          2 | Turanga Leela            | Captain      |  10000 | NULL                                                                    |        2 |      4 |     4 |
|          3 | Bender Bending Rodriguez | Robot        |   7500 | NULL                                                                    |        3 |      5 |     2 |
|          3 | Bender Bending Rodriguez | Robot        |   7500 | NULL                                                                    |        3 |      6 |     4 |
|          4 | Hubert J. Farnsworth     | CEO          |  20000 | NULL                                                                    |        4 |      7 |     1 |
+------------+--------------------------+--------------+--------+-------------------------------------------------------------------------+----------+--------+-------+
7 rows in set (0.08 sec)

MariaDB [examc0713440]> select * from shipment as s inner join package as p ON p.shipment= s.shipmentid;
+------------+--------------+---------+--------+----------+---------------+-------------------+--------+--------+-----------+
| ShipmentID | ShipmentDate | Manager | Planet | Shipment | PackageNumber | Contents          | Weight | Sender | Recipient |
+------------+--------------+---------+--------+----------+---------------+-------------------+--------+--------+-----------+
|          1 | 3004-05-11   |       1 |      1 |        1 |             1 | Undeclared        |   1.50 |      1 |         2 |
|          2 | 3004-05-11   |       1 |      2 |        2 |             1 | Undeclared        |  10.00 |      2 |         3 |
|          2 | 3004-05-11   |       1 |      2 |        2 |             2 | A bucket of krill |   2.00 |      8 |         7 |
|          3 | NULL         |       2 |      3 |        3 |             1 | Undeclared        |  15.00 |      3 |         4 |
|          3 | NULL         |       2 |      3 |        3 |             2 | Undeclared        |   3.00 |      5 |         1 |
|          3 | NULL         |       2 |      3 |        3 |             3 | Undeclared        |   7.00 |      2 |         3 |
|          4 | NULL         |       2 |      4 |        4 |             1 | Undeclared        |   5.00 |      4 |         5 |
|          4 | NULL         |       2 |      4 |        4 |             2 | Undeclared        |  27.00 |      1 |         2 |
|          5 | NULL         |       7 |      5 |        5 |             1 | Undeclared        | 100.00 |      5 |         1 |
+------------+--------------+---------+--------+----------+---------------+-------------------+--------+--------+-----------+
9 rows in set (0.00 sec)

MariaDB [examc0713440]> select distinct * from employee as e inner join has_clearance as h on h.employee=e.employeeid;
+------------+--------------------------+--------------+--------+-------------------------------------------------------------------------+----------+--------+-------+
| employeeId | name                     | position     | salary | remarks                                                                 | Employee | Planet | Level |
+------------+--------------------------+--------------+--------+-------------------------------------------------------------------------+----------+--------+-------+
|          1 | Phillip J. Fry           | Delivery boy |   7500 | Not to be confused with the Philip J. Fry from Hovering Squid World 97a |        1 |      1 |     2 |
|          1 | Phillip J. Fry           | Delivery boy |   7500 | Not to be confused with the Philip J. Fry from Hovering Squid World 97a |        1 |      2 |     3 |
|          2 | Turanga Leela            | Captain      |  10000 | NULL                                                                    |        2 |      3 |     2 |
|          2 | Turanga Leela            | Captain      |  10000 | NULL                                                                    |        2 |      4 |     4 |
|          3 | Bender Bending Rodriguez | Robot        |   7500 | NULL                                                                    |        3 |      5 |     2 |
|          3 | Bender Bending Rodriguez | Robot        |   7500 | NULL                                                                    |        3 |      6 |     4 |
|          4 | Hubert J. Farnsworth     | CEO          |  20000 | NULL                                                                    |        4 |      7 |     1 |
+------------+--------------------------+--------------+--------+-------------------------------------------------------------------------+----------+--------+-------+
7 rows in set (0.02 sec)

MariaDB [examc0713440]> +------------+--------------------------+--------------+--------+-------------------------------------------------------------------------+----------+--------+-------+
    -> | employeeId | name                     | position     | salary | remarks                                                                 | Employee | Planet | Level |
    -> +------------+--------------------------+--------------+--------+-------------------------------------------------------------------------+----------+--------+-------+
    -> |          1 | Phillip J. Fry           | Delivery boy |   7500 | Not to be confused with the Philip J. Fry from Hovering Squid World 97a |        1 |      1 |     2 |
    -> |          1 | Phillip J. Fry           | Delivery boy |   7500 | Not to be confused with the Philip J. Fry from Hovering Squid World 97a |        1 |      2 |     3 |
    -> |          2 | Turanga Leela            | Captain      |  10000 | NULL                                                                    |        2 |      3 |     2 |
    -> |          2 | Turanga Leela            | Captain      |  10000 | NULL                                                                    |        2 |      4 |     4 |
    -> |          3 | Bender Bending Rodriguez | Robot        |   7500 | NULL                                                                    |        3 |      5 |     2 |
    -> |          3 | Bender Bending Rodriguez | Robot        |   7500 | NULL                                                                    |        3 |      6 |     4 |
    -> |          4 | Hubert J. Farnsworth     | CEO          |  20000 | NULL                                                                    |        4 |      7 |     1 |
    -> +------------+--------------------------+--------------+--------+-------------------------------------------------------------------------+----------+--------+-------+
    -> 7 rows in set (0.08 sec);
ERROR 1064 (42000): You have an error in your SQL syntax; check the manual that corresponds to your MariaDB server version for the right syntax to use near '+------------+--------------------------+--------------+--------+---------------' at line 1
MariaDB [examc0713440]> select * from shipment as s inner join package as p ON p.shipment= s.shipmentid;
+------------+--------------+---------+--------+----------+---------------+-------------------+--------+--------+-----------+
| ShipmentID | ShipmentDate | Manager | Planet | Shipment | PackageNumber | Contents          | Weight | Sender | Recipient |
+------------+--------------+---------+--------+----------+---------------+-------------------+--------+--------+-----------+
|          1 | 3004-05-11   |       1 |      1 |        1 |             1 | Undeclared        |   1.50 |      1 |         2 |
|          2 | 3004-05-11   |       1 |      2 |        2 |             1 | Undeclared        |  10.00 |      2 |         3 |
|          2 | 3004-05-11   |       1 |      2 |        2 |             2 | A bucket of krill |   2.00 |      8 |         7 |
|          3 | NULL         |       2 |      3 |        3 |             1 | Undeclared        |  15.00 |      3 |         4 |
|          3 | NULL         |       2 |      3 |        3 |             2 | Undeclared        |   3.00 |      5 |         1 |
|          3 | NULL         |       2 |      3 |        3 |             3 | Undeclared        |   7.00 |      2 |         3 |
|          4 | NULL         |       2 |      4 |        4 |             1 | Undeclared        |   5.00 |      4 |         5 |
|          4 | NULL         |       2 |      4 |        4 |             2 | Undeclared        |  27.00 |      1 |         2 |
|          5 | NULL         |       7 |      5 |        5 |             1 | Undeclared        | 100.00 |      5 |         1 |
+------------+--------------+---------+--------+----------+---------------+-------------------+--------+--------+-----------+
9 rows in set (0.00 sec)

MariaDB [examc0713440]> select * from shipment as s inner join package as p ON p.shipment= s.shipmentid inner join client as c ON c.accountnumber=s.sender AND c.accountnumber=s.recepient AND p.weight between  5 and 10;
ERROR 1054 (42S22): Unknown column 's.sender' in 'on clause'
MariaDB [examc0713440]> select * from shipment as s inner join package as p ON p.shipment= s.shipmentid inner join client as c ON c.accountnumber=p.sender AND c.accountnumber=s.recepient AND p.weight between  5 and 10;
ERROR 1054 (42S22): Unknown column 's.recepient' in 'on clause'
MariaDB [examc0713440]> select * from shipment as s inner join package as p ON p.shipment= s.shipmentid inner join client as c ON c.accountnumber=p.sender AND c.accountnumber=p.recepient AND p.weight between  5 and 10;
ERROR 1054 (42S22): Unknown column 'p.recepient' in 'on clause'
MariaDB [examc0713440]> select * from shipment as s inner join package as p ON p.shipment= s.shipmentid inner join client as c ON c.accountnumber=p.sender AND c.accountnumber=p.recipient AND p.weight between  5 and 10;
Empty set (0.00 sec)

MariaDB [examc0713440]> select * from shipment as s inner join package as p ON p.shipment= s.shipmentid inner join client as c ON (c.accountnumber=p.sender OR c.accountnumber=p.recipient AND p.weight between  5 and 10;
ERROR 1064 (42000): You have an error in your SQL syntax; check the manual that corresponds to your MariaDB server version for the right syntax to use near '' at line 1
MariaDB [examc0713440]> select * from shipment as s inner join package as p ON p.shipment= s.shipmentid inner join client as c ON (c.accountnumber=p.sender OR c.accountnumber=p.recipient) AND p.weight between  5 and 10;
+------------+--------------+---------+--------+----------+---------------+------------+--------+--------+-----------+---------------+-----------------+
| ShipmentID | ShipmentDate | Manager | Planet | Shipment | PackageNumber | Contents   | Weight | Sender | Recipient | AccountNumber | Name            |
+------------+--------------+---------+--------+----------+---------------+------------+--------+--------+-----------+---------------+-----------------+
|          2 | 3004-05-11   |       1 |      2 |        2 |             1 | Undeclared |  10.00 |      2 |         3 |             2 | Al Gore's Head  |
|          2 | 3004-05-11   |       1 |      2 |        2 |             1 | Undeclared |  10.00 |      2 |         3 |             3 | Barbados Slim   |
|          3 | NULL         |       2 |      3 |        3 |             3 | Undeclared |   7.00 |      2 |         3 |             2 | Al Gore's Head  |
|          3 | NULL         |       2 |      3 |        3 |             3 | Undeclared |   7.00 |      2 |         3 |             3 | Barbados Slim   |
|          4 | NULL         |       2 |      4 |        4 |             1 | Undeclared |   5.00 |      4 |         5 |             4 | Ogden Wernstrom |
|          4 | NULL         |       2 |      4 |        4 |             1 | Undeclared |   5.00 |      4 |         5 |             5 | Leo Wong        |
+------------+--------------+---------+--------+----------+---------------+------------+--------+--------+-----------+---------------+-----------------+
6 rows in set (0.00 sec)

MariaDB [examc0713440]> select * from shipment as s INNER JOIN planet as p On p.planetid= s.planet  and p.name in ('mars','amazonia');
+------------+--------------+---------+--------+----------+------+----------------+
| ShipmentID | ShipmentDate | Manager | Planet | PlanetID | Name | Coordinates    |
+------------+--------------+---------+--------+----------+------+----------------+
|          3 | NULL         |       2 |      3 |        3 | Mars | 32435021.65468 |
+------------+--------------+---------+--------+----------+------+----------------+
1 row in set (0.00 sec)

MariaDB [examc0713440]> select * from shipment as s INNER JOIN planet as p On p.planetid= s.planet  and p.name in ('mars','amazonia');
+------------+--------------+---------+--------+----------+------+----------------+
| ShipmentID | ShipmentDate | Manager | Planet | PlanetID | Name | Coordinates    |
+------------+--------------+---------+--------+----------+------+----------------+
|          3 | NULL         |       2 |      3 |        3 | Mars | 32435021.65468 |
+------------+--------------+---------+--------+----------+------+----------------+
1 row in set (0.00 sec)

MariaDB [examc0713440]> select * from shipment as s INNER JOIN planet as p On p.planetid= s.planet  and p.name in ('mars','amazonia');
+------------+--------------+---------+--------+----------+------+----------------+
| ShipmentID | ShipmentDate | Manager | Planet | PlanetID | Name | Coordinates    |
+------------+--------------+---------+--------+----------+------+----------------+
|          3 | NULL         |       2 |      3 |        3 | Mars | 32435021.65468 |
+------------+--------------+---------+--------+----------+------+----------------+
1 row in set (0.00 sec)

MariaDB [examc0713440]> select distinct(c.name) as client names from package as p inner join client as c ON c.accountnumber=p.recipient and p.contents='UNDECLARED'; 
ERROR 1064 (42000): You have an error in your SQL syntax; check the manual that corresponds to your MariaDB server version for the right syntax to use near 'names from package as p inner join client as c ON c.accountnumber=p.recipient an' at line 1
MariaDB [examc0713440]> select distinct c.name as client names from package as p inner join client as c ON c.accountnumber=p.recipient and p.contents='UNDECLARED'; 
ERROR 1064 (42000): You have an error in your SQL syntax; check the manual that corresponds to your MariaDB server version for the right syntax to use near 'names from package as p inner join client as c ON c.accountnumber=p.recipient an' at line 1
MariaDB [examc0713440]> select distinct (c.name) as client names from package as p inner join client as c ON c.accountnumber=p.recipient and p.contents='UNDECLARED'; 
ERROR 1064 (42000): You have an error in your SQL syntax; check the manual that corresponds to your MariaDB server version for the right syntax to use near 'names from package as p inner join client as c ON c.accountnumber=p.recipient an' at line 1
MariaDB [examc0713440]> select distinct (c.name) as clientnames from package as p inner join client as c ON c.accountnumber=p.recipient and p.contents='UNDECLARED'; 
+-----------------+
| clientnames     |
+-----------------+
| Al Gore's Head  |
| Barbados Slim   |
| Ogden Wernstrom |
| Zapp Brannigan  |
| Leo Wong        |
+-----------------+
5 rows in set (0.00 sec)

MariaDB [examc0713440]> employee set remarks='never marked before' where remark is null;
ERROR 1064 (42000): You have an error in your SQL syntax; check the manual that corresponds to your MariaDB server version for the right syntax to use near 'employee set remarks='never marked before' where remark is null' at line 1
MariaDB [examc0713440]> employee set remarks='never marked before' where remarks is null;
ERROR 1064 (42000): You have an error in your SQL syntax; check the manual that corresponds to your MariaDB server version for the right syntax to use near 'employee set remarks='never marked before' where remarks is null' at line 1
MariaDB [examc0713440]> employee set remarks='never marked before' where remarks is null;
ERROR 1064 (42000): You have an error in your SQL syntax; check the manual that corresponds to your MariaDB server version for the right syntax to use near 'employee set remarks='never marked before' where remarks is null' at line 1
MariaDB [examc0713440]> update employee set remarks='never marked before' where remarks is null;
Query OK, 7 rows affected (0.08 sec)
Rows matched: 7  Changed: 7  Warnings: 0

MariaDB [examc0713440]> select *,CONCAT(name,'is','position','and earns','$',salary,'/month'
    -> ) from employee;
+------------+--------------------------+--------------+--------+-------------------------------------------------------------------------+---------------------------------------------------------------+
| employeeId | name                     | position     | salary | remarks                                                                 | CONCAT(name,'is','position','and earns','$',salary,'/month'
) |
+------------+--------------------------+--------------+--------+-------------------------------------------------------------------------+---------------------------------------------------------------+
|          1 | Phillip J. Fry           | Delivery boy |   7500 | Not to be confused with the Philip J. Fry from Hovering Squid World 97a | Phillip J. Fryispositionand earns$7500/month                  |
|          2 | Turanga Leela            | Captain      |  10000 | never marked before                                                     | Turanga Leelaispositionand earns$10000/month                  |
|          3 | Bender Bending Rodriguez | Robot        |   7500 | never marked before                                                     | Bender Bending Rodriguezispositionand earns$7500/month        |
|          4 | Hubert J. Farnsworth     | CEO          |  20000 | never marked before                                                     | Hubert J. Farnsworthispositionand earns$20000/month           |
|          5 | John A. Zoidberg         | Physician    |     25 | never marked before                                                     | John A. Zoidbergispositionand earns$25/month                  |
|          6 | Amy Wong                 | Intern       |   5000 | never marked before                                                     | Amy Wongispositionand earns$5000/month                        |
|          7 | Hermes Conrad            | Bureaucrat   |  10000 | never marked before                                                     | Hermes Conradispositionand earns$10000/month                  |
|          8 | Scruffy Scruffington     | Janitor      |   5000 | never marked before                                                     | Scruffy Scruffingtonispositionand earns$5000/month            |
+------------+--------------------------+--------------+--------+-------------------------------------------------------------------------+---------------------------------------------------------------+
8 rows in set (0.08 sec)

MariaDB [examc0713440]> select *,CONCAT(name,'is','position','and earns','$',salary,'/month') from employee;
+------------+--------------------------+--------------+--------+-------------------------------------------------------------------------+--------------------------------------------------------------+
| employeeId | name                     | position     | salary | remarks                                                                 | CONCAT(name,'is','position','and earns','$',salary,'/month') |
+------------+--------------------------+--------------+--------+-------------------------------------------------------------------------+--------------------------------------------------------------+
|          1 | Phillip J. Fry           | Delivery boy |   7500 | Not to be confused with the Philip J. Fry from Hovering Squid World 97a | Phillip J. Fryispositionand earns$7500/month                 |
|          2 | Turanga Leela            | Captain      |  10000 | never marked before                                                     | Turanga Leelaispositionand earns$10000/month                 |
|          3 | Bender Bending Rodriguez | Robot        |   7500 | never marked before                                                     | Bender Bending Rodriguezispositionand earns$7500/month       |
|          4 | Hubert J. Farnsworth     | CEO          |  20000 | never marked before                                                     | Hubert J. Farnsworthispositionand earns$20000/month          |
|          5 | John A. Zoidberg         | Physician    |     25 | never marked before                                                     | John A. Zoidbergispositionand earns$25/month                 |
|          6 | Amy Wong                 | Intern       |   5000 | never marked before                                                     | Amy Wongispositionand earns$5000/month                       |
|          7 | Hermes Conrad            | Bureaucrat   |  10000 | never marked before                                                     | Hermes Conradispositionand earns$10000/month                 |
|          8 | Scruffy Scruffington     | Janitor      |   5000 | never marked before                                                     | Scruffy Scruffingtonispositionand earns$5000/month           |
+------------+--------------------------+--------------+--------+-------------------------------------------------------------------------+--------------------------------------------------------------+
8 rows in set (0.00 sec)

MariaDB [examc0713440]> select * from employee;
+------------+--------------------------+--------------+--------+-------------------------------------------------------------------------+
| employeeId | name                     | position     | salary | remarks                                                                 |
+------------+--------------------------+--------------+--------+-------------------------------------------------------------------------+
|          1 | Phillip J. Fry           | Delivery boy |   7500 | Not to be confused with the Philip J. Fry from Hovering Squid World 97a |
|          2 | Turanga Leela            | Captain      |  10000 | never marked before                                                     |
|          3 | Bender Bending Rodriguez | Robot        |   7500 | never marked before                                                     |
|          4 | Hubert J. Farnsworth     | CEO          |  20000 | never marked before                                                     |
|          5 | John A. Zoidberg         | Physician    |     25 | never marked before                                                     |
|          6 | Amy Wong                 | Intern       |   5000 | never marked before                                                     |
|          7 | Hermes Conrad            | Bureaucrat   |  10000 | never marked before                                                     |
|          8 | Scruffy Scruffington     | Janitor      |   5000 | never marked before                                                     |
+------------+--------------------------+--------------+--------+-------------------------------------------------------------------------+
8 rows in set (0.00 sec)

MariaDB [examc0713440]> update shipment set shipmentdate= current_date()
    -> update shipment set shipmentdate= current_date();
ERROR 1064 (42000): You have an error in your SQL syntax; check the manual that corresponds to your MariaDB server version for the right syntax to use near 'update shipment set shipmentdate= current_date()' at line 2
MariaDB [examc0713440]> select *,CONCAT(name,' is ',' position ','and earns',' $ ', format(salary,'/month') from employee;
ERROR 1064 (42000): You have an error in your SQL syntax; check the manual that corresponds to your MariaDB server version for the right syntax to use near 'from employee' at line 1
MariaDB [examc0713440]> select *,CONCAT(name,' is ',' position ','and earns',' $ ', format(salary,2) from employee;
ERROR 1064 (42000): You have an error in your SQL syntax; check the manual that corresponds to your MariaDB server version for the right syntax to use near 'from employee' at line 1
MariaDB [examc0713440]> select *,CONCAT(name,' is ',' position ','and earns','$', format(salary,2) from employee;
ERROR 1064 (42000): You have an error in your SQL syntax; check the manual that corresponds to your MariaDB server version for the right syntax to use near 'from employee' at line 1
MariaDB [examc0713440]> select *,CONCAT(name,' is ',' position ','and earns','$',FORMAT(salary,2) from employee;
ERROR 1064 (42000): You have an error in your SQL syntax; check the manual that corresponds to your MariaDB server version for the right syntax to use near 'from employee' at line 1
MariaDB [examc0713440]> select CONCAT(name,' is ',' position ','and earns','$',FORMAT(salary,2) from employee;
ERROR 1064 (42000): You have an error in your SQL syntax; check the manual that corresponds to your MariaDB server version for the right syntax to use near 'from employee' at line 1
MariaDB [examc0713440]> select CONCAT(name,' is ',position,'and earns','$',FORMAT(salary,2) from employee;
ERROR 1064 (42000): You have an error in your SQL syntax; check the manual that corresponds to your MariaDB server version for the right syntax to use near 'from employee' at line 1
MariaDB [examc0713440]> select CONCAT(name,' is ',position,'and earns','$',FORMAT(salary,2) from employee;
ERROR 1064 (42000): You have an error in your SQL syntax; check the manual that corresponds to your MariaDB server version for the right syntax to use near 'from employee' at line 1
MariaDB [examc0713440]> SELECT CONCAT(Month(ShipmentDate),',',Day(ShipmentDate),' ',Year(ShipmentDate)) as ShipmentDate,sen.name as Sender_name,rec.name as Receipent_name FROM Shipment AS s
    ->  INNER JOIN Package AS p ON p.Shipment = s.ShipmentID
    ->  INNER JOIN Client AS sen ON sen.AccountNumber = p.sender
    ->  INNER JOIN Client AS rec ON rec.AccountNumber = p.Recipient
    ->  AND p.Weight BETWEEN 5 and 10;
+--------------+-----------------+----------------+
| ShipmentDate | Sender_name     | Receipent_name |
+--------------+-----------------+----------------+
| 5,11 3004    | Al Gore's Head  | Barbados Slim  |
| NULL         | Al Gore's Head  | Barbados Slim  |
| NULL         | Ogden Wernstrom | Leo Wong       |
+--------------+-----------------+----------------+
3 rows in set (0.03 sec)

MariaDB [examc0713440]> SELECT *,CONCAT('$',FORMAT(Salary,2)) FROM Employee;
+------------+--------------------------+--------------+--------+-------------------------------------------------------------------------+------------------------------+
| employeeId | name                     | position     | salary | remarks                                                                 | CONCAT('$',FORMAT(Salary,2)) |
+------------+--------------------------+--------------+--------+-------------------------------------------------------------------------+------------------------------+
|          1 | Phillip J. Fry           | Delivery boy |   7500 | Not to be confused with the Philip J. Fry from Hovering Squid World 97a | $7,500.00                    |
|          2 | Turanga Leela            | Captain      |  10000 | never marked before                                                     | $10,000.00                   |
|          3 | Bender Bending Rodriguez | Robot        |   7500 | never marked before                                                     | $7,500.00                    |
|          4 | Hubert J. Farnsworth     | CEO          |  20000 | never marked before                                                     | $20,000.00                   |
|          5 | John A. Zoidberg         | Physician    |     25 | never marked before                                                     | $25.00                       |
|          6 | Amy Wong                 | Intern       |   5000 | never marked before                                                     | $5,000.00                    |
|          7 | Hermes Conrad            | Bureaucrat   |  10000 | never marked before                                                     | $10,000.00                   |
|          8 | Scruffy Scruffington     | Janitor      |   5000 | never marked before                                                     | $5,000.00                    |
+------------+--------------------------+--------------+--------+-------------------------------------------------------------------------+------------------------------+
8 rows in set (0.00 sec)

MariaDB [examc0713440]> UPDATE Shipment SET ShipmentDate = CURRENT_DATE()
    ->  WHERE ShipmentDate IS NULL;
Query OK, 3 rows affected (0.08 sec)
Rows matched: 3  Changed: 3  Warnings: 0

MariaDB [examc0713440]> select * from shipment;
+------------+--------------+---------+--------+
| ShipmentID | ShipmentDate | Manager | Planet |
+------------+--------------+---------+--------+
|          1 | 3004-05-11   |       1 |      1 |
|          2 | 3004-05-11   |       1 |      2 |
|          3 | 2017-09-18   |       2 |      3 |
|          4 | 2017-09-18   |       2 |      4 |
|          5 | 2017-09-18   |       7 |      5 |
+------------+--------------+---------+--------+
5 rows in set (0.00 sec)

